Python: /csehome/m23csa510/lidar_experiments/env/miniconda3/envs/e0_env/bin/python
Python 3.10.19
CUDA_HOME: /opt/ohpc/apps/spack/opt/spack/linux-rocky8-icelake/gcc-12.3.0/cuda-11.8.0-4pg4hmhkoocqphty577m2rdjh6zczh5w
LD_LIBRARY_PATH: /opt/ohpc/apps/spack/opt/spack/linux-rocky8-icelake/gcc-12.3.0/cuda-11.8.0-4pg4hmhkoocqphty577m2rdjh6zczh5w/lib64:/opt/ohpc/pub/libs/gnu12/openblas/0.3.21/lib:/opt/ohpc/pub/libs/gnu12/openblas/0.3.21/lib:/opt/ohpc/pub/compiler/gcc/12.3.0/lib64
CWD: /csehome/m23csa510/lidar_experiments/code/experiment0
eclair_class_counts.yaml not found – computing class statistics...
Computing class statistics for ECLAIR train split...

============================================================
ECLAIR Class Distribution:
============================================================
Class  0 (Undefined           ):            0 points ( 0.000%)
Class  1 (Unassigned          ):      922,679 points ( 0.183%)
Class  2 (Ground              ):  257,857,898 points (51.194%)
Class  3 (Vegetation          ):  231,859,625 points (46.032%)
Class  4 (Buildings           ):    9,553,783 points ( 1.897%)
Class  5 (Noise               ):       17,700 points ( 0.004%)
Class  6 (Transmission Wires  ):    1,524,742 points ( 0.303%)
Class  7 (Distribution Wires  ):      551,282 points ( 0.109%)
Class  8 (Poles               ):       93,366 points ( 0.019%)
Class  9 (Transmission Towers ):      227,410 points ( 0.045%)
Class 10 (Fence               ):      526,745 points ( 0.105%)
Class 11 (Vehicles            ):      555,978 points ( 0.110%)
============================================================
Total points: 503,691,208
============================================================

✓ Class statistics saved to: ./configs/eclair_class_counts.yaml

To use Class-Balanced Loss, run:
  python train_baseline.py --loss_name class_balanced ...
Done computing ECLAIR class stats.
Starting E0 Phase 1 (loss ablation via scripts/run_e0.sh)...
===================================
PHASE 1: Loss Ablation (v=0.15)
===================================
✓ Overriding voxel_size: 0.15
Running pre-flight config validation...
✓ Config validation passed: 14 features
  Features: ['intensity', 'return_number', 'number_of_returns', 'coordinates']
  Voxel size: 0.15

Training finished. Metrics saved to: /csehome/m23csa510/lidar_experiments/results/E0/e0a_ce_v0.15/metrics.csv
✓ Overriding voxel_size: 0.15
Running pre-flight config validation...
✓ Config validation passed: 14 features
  Features: ['intensity', 'return_number', 'number_of_returns', 'coordinates']
  Voxel size: 0.15

Training finished. Metrics saved to: /csehome/m23csa510/lidar_experiments/results/E0/e0b_focal_v0.15/metrics.csv
✓ Overriding voxel_size: 0.15
Running pre-flight config validation...
✓ Config validation passed: 14 features
  Features: ['intensity', 'return_number', 'number_of_returns', 'coordinates']
  Voxel size: 0.15

Training finished. Metrics saved to: /csehome/m23csa510/lidar_experiments/results/E0/e0c_dice_v0.15/metrics.csv
✓ Overriding voxel_size: 0.15
Running pre-flight config validation...
✓ Config validation passed: 14 features
  Features: ['intensity', 'return_number', 'number_of_returns', 'coordinates']
  Voxel size: 0.15

Training finished. Metrics saved to: /csehome/m23csa510/lidar_experiments/results/E0/e0d_focal_dice_v0.15/metrics.csv
✓ Overriding voxel_size: 0.15
Running pre-flight config validation...
✓ Config validation passed: 14 features
  Features: ['intensity', 'return_number', 'number_of_returns', 'coordinates']
  Voxel size: 0.15

✓ Loaded class statistics: 12 classes
✓ Overriding voxel_size: 0.15
Running pre-flight config validation...
✓ Config validation passed: 14 features
  Features: ['intensity', 'return_number', 'number_of_returns', 'coordinates']
  Voxel size: 0.15

