Traceback (most recent call last):
  File "/csehome/m23csa510/lidar_experiments/code/experiment0/train_baseline.py", line 9, in <module>
    import MinkowskiEngine as ME
  File "/csehome/m23csa510/lidar_experiments/env/miniconda3/envs/e0_env/lib/python3.10/site-packages/MinkowskiEngine-0.5.4-py3.10-linux-x86_64.egg/MinkowskiEngine/__init__.py", line 53, in <module>
    from MinkowskiEngineBackend._C import (
ImportError: libcusparse.so.11: cannot open shared object file: No such file or directory
Traceback (most recent call last):
  File "/csehome/m23csa510/lidar_experiments/code/experiment0/train_baseline.py", line 9, in <module>
    import MinkowskiEngine as ME
  File "/csehome/m23csa510/lidar_experiments/env/miniconda3/envs/e0_env/lib/python3.10/site-packages/MinkowskiEngine-0.5.4-py3.10-linux-x86_64.egg/MinkowskiEngine/__init__.py", line 53, in <module>
    from MinkowskiEngineBackend._C import (
ImportError: libcusparse.so.11: cannot open shared object file: No such file or directory
Traceback (most recent call last):
  File "/csehome/m23csa510/lidar_experiments/code/experiment0/train_baseline.py", line 9, in <module>
    import MinkowskiEngine as ME
  File "/csehome/m23csa510/lidar_experiments/env/miniconda3/envs/e0_env/lib/python3.10/site-packages/MinkowskiEngine-0.5.4-py3.10-linux-x86_64.egg/MinkowskiEngine/__init__.py", line 53, in <module>
    from MinkowskiEngineBackend._C import (
ImportError: libcusparse.so.11: cannot open shared object file: No such file or directory
Traceback (most recent call last):
  File "/csehome/m23csa510/lidar_experiments/code/experiment0/train_baseline.py", line 9, in <module>
    import MinkowskiEngine as ME
  File "/csehome/m23csa510/lidar_experiments/env/miniconda3/envs/e0_env/lib/python3.10/site-packages/MinkowskiEngine-0.5.4-py3.10-linux-x86_64.egg/MinkowskiEngine/__init__.py", line 53, in <module>
    from MinkowskiEngineBackend._C import (
ImportError: libcusparse.so.11: cannot open shared object file: No such file or directory
Traceback (most recent call last):
  File "/csehome/m23csa510/lidar_experiments/code/experiment0/train_baseline.py", line 9, in <module>
    import MinkowskiEngine as ME
  File "/csehome/m23csa510/lidar_experiments/env/miniconda3/envs/e0_env/lib/python3.10/site-packages/MinkowskiEngine-0.5.4-py3.10-linux-x86_64.egg/MinkowskiEngine/__init__.py", line 53, in <module>
    from MinkowskiEngineBackend._C import (
ImportError: libcusparse.so.11: cannot open shared object file: No such file or directory
Traceback (most recent call last):
  File "/csehome/m23csa510/lidar_experiments/code/experiment0/train_baseline.py", line 9, in <module>
    import MinkowskiEngine as ME
  File "/csehome/m23csa510/lidar_experiments/env/miniconda3/envs/e0_env/lib/python3.10/site-packages/MinkowskiEngine-0.5.4-py3.10-linux-x86_64.egg/MinkowskiEngine/__init__.py", line 53, in <module>
    from MinkowskiEngineBackend._C import (
ImportError: libcusparse.so.11: cannot open shared object file: No such file or directory
Traceback (most recent call last):
  File "/csehome/m23csa510/lidar_experiments/code/experiment0/train_baseline.py", line 9, in <module>
    import MinkowskiEngine as ME
  File "/csehome/m23csa510/lidar_experiments/env/miniconda3/envs/e0_env/lib/python3.10/site-packages/MinkowskiEngine-0.5.4-py3.10-linux-x86_64.egg/MinkowskiEngine/__init__.py", line 53, in <module>
    from MinkowskiEngineBackend._C import (
ImportError: libcusparse.so.11: cannot open shared object file: No such file or directory
