Python: /csehome/m23csa510/lidar_experiments/env/miniconda3/envs/e0_env/bin/python
Python 3.10.19
CWD at start: /csehome/m23csa510/lidar_experiments
Now in: /csehome/m23csa510/lidar_experiments/code/experiment0
Found existing class stats: /csehome/m23csa510/lidar_experiments/code/experiment0/configs/eclair_class_counts.yaml
=======================================
Starting E0 Phase 1 (loss ablation)...
PROJECT_ROOT = /csehome/m23csa510/lidar_experiments
EXPERIMENT0_DIR = /csehome/m23csa510/lidar_experiments/code/experiment0
ECLAIR_DIR = /csehome/m23csa510/lidar_experiments/datasets/eclair
DALES_DIR = /csehome/m23csa510/lidar_experiments/datasets/dales
OUTROOT = /csehome/m23csa510/lidar_experiments/results/E0
=======================================
===================================
PHASE 1: Loss Ablation (v=0.15)
===================================
===================================
PHASE 2: Voxel Ablation
===================================
Run this AFTER identifying best loss from Phase 1
Example: If focal_dice won, run:

for VOXEL in 0.10 0.20; do
  python train_baseline.py \
    --loss_name focal_dice \
    --voxel_size $VOXEL \
    --output_dir /csehome/m23csa510/lidar_experiments/results/E0/e0_best_v${VOXEL} \
    ...
done
===================================
E0 Phase 1 completed.
