GpuFreq=control_disabled
Traceback (most recent call last):
  File "/csehome/m23csa510/lidar_experiments/env/miniconda3/envs/e0_env/lib/python3.10/site-packages/torch_geometric/data/storage.py", line 79, in __getattr__
    return self[key]
  File "/csehome/m23csa510/lidar_experiments/env/miniconda3/envs/e0_env/lib/python3.10/site-packages/torch_geometric/data/storage.py", line 104, in __getitem__
    return self._mapping[key]
KeyError: 'xyz'

During handling of the above exception, another exception occurred:

Traceback (most recent call last):
  File "/csehome/m23csa510/lidar_experiments/code/experiment0/train_baseline.py", line 606, in <module>
    fire.Fire(train)
  File "/csehome/m23csa510/lidar_experiments/env/miniconda3/envs/e0_env/lib/python3.10/site-packages/fire/core.py", line 141, in Fire
    component_trace = _Fire(component, args, parsed_flag_args, context, name)
  File "/csehome/m23csa510/lidar_experiments/env/miniconda3/envs/e0_env/lib/python3.10/site-packages/fire/core.py", line 475, in _Fire
    component, remaining_args = _CallAndUpdateTrace(
  File "/csehome/m23csa510/lidar_experiments/env/miniconda3/envs/e0_env/lib/python3.10/site-packages/fire/core.py", line 691, in _CallAndUpdateTrace
    component = fn(*varargs, **kwargs)
  File "/csehome/m23csa510/lidar_experiments/code/experiment0/train_baseline.py", line 330, in train
    validate_config_with_data(cfg, eclair, config_file)
  File "/csehome/m23csa510/lidar_experiments/code/experiment0/train_baseline.py", line 242, in validate_config_with_data
    sample = transforms(sample)
  File "/csehome/m23csa510/lidar_experiments/env/miniconda3/envs/e0_env/lib/python3.10/site-packages/torch_geometric/transforms/compose.py", line 24, in __call__
    data = transform(data)
  File "/csehome/m23csa510/lidar_experiments/code/experiment0/functional.py", line 43, in __call__
    coordinates = data.xyz
  File "/csehome/m23csa510/lidar_experiments/env/miniconda3/envs/e0_env/lib/python3.10/site-packages/torch_geometric/data/data.py", line 441, in __getattr__
    return getattr(self._store, key)
  File "/csehome/m23csa510/lidar_experiments/env/miniconda3/envs/e0_env/lib/python3.10/site-packages/torch_geometric/data/storage.py", line 81, in __getattr__
    raise AttributeError(
AttributeError: 'GlobalStorage' object has no attribute 'xyz'
Traceback (most recent call last):
  File "/csehome/m23csa510/lidar_experiments/env/miniconda3/envs/e0_env/lib/python3.10/site-packages/torch_geometric/data/storage.py", line 79, in __getattr__
    return self[key]
  File "/csehome/m23csa510/lidar_experiments/env/miniconda3/envs/e0_env/lib/python3.10/site-packages/torch_geometric/data/storage.py", line 104, in __getitem__
    return self._mapping[key]
KeyError: 'xyz'

During handling of the above exception, another exception occurred:

Traceback (most recent call last):
  File "/csehome/m23csa510/lidar_experiments/code/experiment0/train_baseline.py", line 606, in <module>
    fire.Fire(train)
  File "/csehome/m23csa510/lidar_experiments/env/miniconda3/envs/e0_env/lib/python3.10/site-packages/fire/core.py", line 141, in Fire
    component_trace = _Fire(component, args, parsed_flag_args, context, name)
  File "/csehome/m23csa510/lidar_experiments/env/miniconda3/envs/e0_env/lib/python3.10/site-packages/fire/core.py", line 475, in _Fire
    component, remaining_args = _CallAndUpdateTrace(
  File "/csehome/m23csa510/lidar_experiments/env/miniconda3/envs/e0_env/lib/python3.10/site-packages/fire/core.py", line 691, in _CallAndUpdateTrace
    component = fn(*varargs, **kwargs)
  File "/csehome/m23csa510/lidar_experiments/code/experiment0/train_baseline.py", line 330, in train
    validate_config_with_data(cfg, eclair, config_file)
  File "/csehome/m23csa510/lidar_experiments/code/experiment0/train_baseline.py", line 242, in validate_config_with_data
    sample = transforms(sample)
  File "/csehome/m23csa510/lidar_experiments/env/miniconda3/envs/e0_env/lib/python3.10/site-packages/torch_geometric/transforms/compose.py", line 24, in __call__
    data = transform(data)
  File "/csehome/m23csa510/lidar_experiments/code/experiment0/functional.py", line 43, in __call__
    coordinates = data.xyz
  File "/csehome/m23csa510/lidar_experiments/env/miniconda3/envs/e0_env/lib/python3.10/site-packages/torch_geometric/data/data.py", line 441, in __getattr__
    return getattr(self._store, key)
  File "/csehome/m23csa510/lidar_experiments/env/miniconda3/envs/e0_env/lib/python3.10/site-packages/torch_geometric/data/storage.py", line 81, in __getattr__
    raise AttributeError(
AttributeError: 'GlobalStorage' object has no attribute 'xyz'
Traceback (most recent call last):
  File "/csehome/m23csa510/lidar_experiments/env/miniconda3/envs/e0_env/lib/python3.10/site-packages/torch_geometric/data/storage.py", line 79, in __getattr__
    return self[key]
  File "/csehome/m23csa510/lidar_experiments/env/miniconda3/envs/e0_env/lib/python3.10/site-packages/torch_geometric/data/storage.py", line 104, in __getitem__
    return self._mapping[key]
KeyError: 'xyz'

During handling of the above exception, another exception occurred:

Traceback (most recent call last):
  File "/csehome/m23csa510/lidar_experiments/code/experiment0/train_baseline.py", line 606, in <module>
    fire.Fire(train)
  File "/csehome/m23csa510/lidar_experiments/env/miniconda3/envs/e0_env/lib/python3.10/site-packages/fire/core.py", line 141, in Fire
    component_trace = _Fire(component, args, parsed_flag_args, context, name)
  File "/csehome/m23csa510/lidar_experiments/env/miniconda3/envs/e0_env/lib/python3.10/site-packages/fire/core.py", line 475, in _Fire
    component, remaining_args = _CallAndUpdateTrace(
  File "/csehome/m23csa510/lidar_experiments/env/miniconda3/envs/e0_env/lib/python3.10/site-packages/fire/core.py", line 691, in _CallAndUpdateTrace
    component = fn(*varargs, **kwargs)
  File "/csehome/m23csa510/lidar_experiments/code/experiment0/train_baseline.py", line 330, in train
    validate_config_with_data(cfg, eclair, config_file)
  File "/csehome/m23csa510/lidar_experiments/code/experiment0/train_baseline.py", line 242, in validate_config_with_data
    sample = transforms(sample)
  File "/csehome/m23csa510/lidar_experiments/env/miniconda3/envs/e0_env/lib/python3.10/site-packages/torch_geometric/transforms/compose.py", line 24, in __call__
    data = transform(data)
  File "/csehome/m23csa510/lidar_experiments/code/experiment0/functional.py", line 43, in __call__
    coordinates = data.xyz
  File "/csehome/m23csa510/lidar_experiments/env/miniconda3/envs/e0_env/lib/python3.10/site-packages/torch_geometric/data/data.py", line 441, in __getattr__
    return getattr(self._store, key)
  File "/csehome/m23csa510/lidar_experiments/env/miniconda3/envs/e0_env/lib/python3.10/site-packages/torch_geometric/data/storage.py", line 81, in __getattr__
    raise AttributeError(
AttributeError: 'GlobalStorage' object has no attribute 'xyz'
Traceback (most recent call last):
  File "/csehome/m23csa510/lidar_experiments/env/miniconda3/envs/e0_env/lib/python3.10/site-packages/torch_geometric/data/storage.py", line 79, in __getattr__
    return self[key]
  File "/csehome/m23csa510/lidar_experiments/env/miniconda3/envs/e0_env/lib/python3.10/site-packages/torch_geometric/data/storage.py", line 104, in __getitem__
    return self._mapping[key]
KeyError: 'xyz'

During handling of the above exception, another exception occurred:

Traceback (most recent call last):
  File "/csehome/m23csa510/lidar_experiments/code/experiment0/train_baseline.py", line 606, in <module>
    fire.Fire(train)
  File "/csehome/m23csa510/lidar_experiments/env/miniconda3/envs/e0_env/lib/python3.10/site-packages/fire/core.py", line 141, in Fire
    component_trace = _Fire(component, args, parsed_flag_args, context, name)
  File "/csehome/m23csa510/lidar_experiments/env/miniconda3/envs/e0_env/lib/python3.10/site-packages/fire/core.py", line 475, in _Fire
    component, remaining_args = _CallAndUpdateTrace(
  File "/csehome/m23csa510/lidar_experiments/env/miniconda3/envs/e0_env/lib/python3.10/site-packages/fire/core.py", line 691, in _CallAndUpdateTrace
    component = fn(*varargs, **kwargs)
  File "/csehome/m23csa510/lidar_experiments/code/experiment0/train_baseline.py", line 330, in train
    validate_config_with_data(cfg, eclair, config_file)
  File "/csehome/m23csa510/lidar_experiments/code/experiment0/train_baseline.py", line 242, in validate_config_with_data
    sample = transforms(sample)
  File "/csehome/m23csa510/lidar_experiments/env/miniconda3/envs/e0_env/lib/python3.10/site-packages/torch_geometric/transforms/compose.py", line 24, in __call__
    data = transform(data)
  File "/csehome/m23csa510/lidar_experiments/code/experiment0/functional.py", line 43, in __call__
    coordinates = data.xyz
  File "/csehome/m23csa510/lidar_experiments/env/miniconda3/envs/e0_env/lib/python3.10/site-packages/torch_geometric/data/data.py", line 441, in __getattr__
    return getattr(self._store, key)
  File "/csehome/m23csa510/lidar_experiments/env/miniconda3/envs/e0_env/lib/python3.10/site-packages/torch_geometric/data/storage.py", line 81, in __getattr__
    raise AttributeError(
AttributeError: 'GlobalStorage' object has no attribute 'xyz'
Traceback (most recent call last):
  File "/csehome/m23csa510/lidar_experiments/env/miniconda3/envs/e0_env/lib/python3.10/site-packages/torch_geometric/data/storage.py", line 79, in __getattr__
    return self[key]
  File "/csehome/m23csa510/lidar_experiments/env/miniconda3/envs/e0_env/lib/python3.10/site-packages/torch_geometric/data/storage.py", line 104, in __getitem__
    return self._mapping[key]
KeyError: 'xyz'

During handling of the above exception, another exception occurred:

Traceback (most recent call last):
  File "/csehome/m23csa510/lidar_experiments/code/experiment0/train_baseline.py", line 606, in <module>
    fire.Fire(train)
  File "/csehome/m23csa510/lidar_experiments/env/miniconda3/envs/e0_env/lib/python3.10/site-packages/fire/core.py", line 141, in Fire
    component_trace = _Fire(component, args, parsed_flag_args, context, name)
  File "/csehome/m23csa510/lidar_experiments/env/miniconda3/envs/e0_env/lib/python3.10/site-packages/fire/core.py", line 475, in _Fire
    component, remaining_args = _CallAndUpdateTrace(
  File "/csehome/m23csa510/lidar_experiments/env/miniconda3/envs/e0_env/lib/python3.10/site-packages/fire/core.py", line 691, in _CallAndUpdateTrace
    component = fn(*varargs, **kwargs)
  File "/csehome/m23csa510/lidar_experiments/code/experiment0/train_baseline.py", line 330, in train
    validate_config_with_data(cfg, eclair, config_file)
  File "/csehome/m23csa510/lidar_experiments/code/experiment0/train_baseline.py", line 242, in validate_config_with_data
    sample = transforms(sample)
  File "/csehome/m23csa510/lidar_experiments/env/miniconda3/envs/e0_env/lib/python3.10/site-packages/torch_geometric/transforms/compose.py", line 24, in __call__
    data = transform(data)
  File "/csehome/m23csa510/lidar_experiments/code/experiment0/functional.py", line 43, in __call__
    coordinates = data.xyz
  File "/csehome/m23csa510/lidar_experiments/env/miniconda3/envs/e0_env/lib/python3.10/site-packages/torch_geometric/data/data.py", line 441, in __getattr__
    return getattr(self._store, key)
  File "/csehome/m23csa510/lidar_experiments/env/miniconda3/envs/e0_env/lib/python3.10/site-packages/torch_geometric/data/storage.py", line 81, in __getattr__
    raise AttributeError(
AttributeError: 'GlobalStorage' object has no attribute 'xyz'
Traceback (most recent call last):
  File "/csehome/m23csa510/lidar_experiments/env/miniconda3/envs/e0_env/lib/python3.10/site-packages/torch_geometric/data/storage.py", line 79, in __getattr__
    return self[key]
  File "/csehome/m23csa510/lidar_experiments/env/miniconda3/envs/e0_env/lib/python3.10/site-packages/torch_geometric/data/storage.py", line 104, in __getitem__
    return self._mapping[key]
KeyError: 'xyz'

During handling of the above exception, another exception occurred:

Traceback (most recent call last):
  File "/csehome/m23csa510/lidar_experiments/code/experiment0/train_baseline.py", line 606, in <module>
    fire.Fire(train)
  File "/csehome/m23csa510/lidar_experiments/env/miniconda3/envs/e0_env/lib/python3.10/site-packages/fire/core.py", line 141, in Fire
    component_trace = _Fire(component, args, parsed_flag_args, context, name)
  File "/csehome/m23csa510/lidar_experiments/env/miniconda3/envs/e0_env/lib/python3.10/site-packages/fire/core.py", line 475, in _Fire
    component, remaining_args = _CallAndUpdateTrace(
  File "/csehome/m23csa510/lidar_experiments/env/miniconda3/envs/e0_env/lib/python3.10/site-packages/fire/core.py", line 691, in _CallAndUpdateTrace
    component = fn(*varargs, **kwargs)
  File "/csehome/m23csa510/lidar_experiments/code/experiment0/train_baseline.py", line 330, in train
    validate_config_with_data(cfg, eclair, config_file)
  File "/csehome/m23csa510/lidar_experiments/code/experiment0/train_baseline.py", line 242, in validate_config_with_data
    sample = transforms(sample)
  File "/csehome/m23csa510/lidar_experiments/env/miniconda3/envs/e0_env/lib/python3.10/site-packages/torch_geometric/transforms/compose.py", line 24, in __call__
    data = transform(data)
  File "/csehome/m23csa510/lidar_experiments/code/experiment0/functional.py", line 43, in __call__
    coordinates = data.xyz
  File "/csehome/m23csa510/lidar_experiments/env/miniconda3/envs/e0_env/lib/python3.10/site-packages/torch_geometric/data/data.py", line 441, in __getattr__
    return getattr(self._store, key)
  File "/csehome/m23csa510/lidar_experiments/env/miniconda3/envs/e0_env/lib/python3.10/site-packages/torch_geometric/data/storage.py", line 81, in __getattr__
    raise AttributeError(
AttributeError: 'GlobalStorage' object has no attribute 'xyz'
Traceback (most recent call last):
  File "/csehome/m23csa510/lidar_experiments/env/miniconda3/envs/e0_env/lib/python3.10/site-packages/torch_geometric/data/storage.py", line 79, in __getattr__
    return self[key]
  File "/csehome/m23csa510/lidar_experiments/env/miniconda3/envs/e0_env/lib/python3.10/site-packages/torch_geometric/data/storage.py", line 104, in __getitem__
    return self._mapping[key]
KeyError: 'xyz'

During handling of the above exception, another exception occurred:

Traceback (most recent call last):
  File "/csehome/m23csa510/lidar_experiments/code/experiment0/train_baseline.py", line 606, in <module>
    fire.Fire(train)
  File "/csehome/m23csa510/lidar_experiments/env/miniconda3/envs/e0_env/lib/python3.10/site-packages/fire/core.py", line 141, in Fire
    component_trace = _Fire(component, args, parsed_flag_args, context, name)
  File "/csehome/m23csa510/lidar_experiments/env/miniconda3/envs/e0_env/lib/python3.10/site-packages/fire/core.py", line 475, in _Fire
    component, remaining_args = _CallAndUpdateTrace(
  File "/csehome/m23csa510/lidar_experiments/env/miniconda3/envs/e0_env/lib/python3.10/site-packages/fire/core.py", line 691, in _CallAndUpdateTrace
    component = fn(*varargs, **kwargs)
  File "/csehome/m23csa510/lidar_experiments/code/experiment0/train_baseline.py", line 330, in train
    validate_config_with_data(cfg, eclair, config_file)
  File "/csehome/m23csa510/lidar_experiments/code/experiment0/train_baseline.py", line 242, in validate_config_with_data
    sample = transforms(sample)
  File "/csehome/m23csa510/lidar_experiments/env/miniconda3/envs/e0_env/lib/python3.10/site-packages/torch_geometric/transforms/compose.py", line 24, in __call__
    data = transform(data)
  File "/csehome/m23csa510/lidar_experiments/code/experiment0/functional.py", line 43, in __call__
    coordinates = data.xyz
  File "/csehome/m23csa510/lidar_experiments/env/miniconda3/envs/e0_env/lib/python3.10/site-packages/torch_geometric/data/data.py", line 441, in __getattr__
    return getattr(self._store, key)
  File "/csehome/m23csa510/lidar_experiments/env/miniconda3/envs/e0_env/lib/python3.10/site-packages/torch_geometric/data/storage.py", line 81, in __getattr__
    raise AttributeError(
AttributeError: 'GlobalStorage' object has no attribute 'xyz'
