Python: /csehome/m23csa510/lidar_experiments/env/miniconda3/envs/e0_env/bin/python
Python 3.10.19
CWD at start: /csehome/m23csa510/lidar_experiments
Now in: /csehome/m23csa510/lidar_experiments/code/experiment0
eclair_class_counts.yaml not found – computing class statistics...
Computing class statistics for ECLAIR train split...

============================================================
ECLAIR Class Distribution:
============================================================
Class  0 (Undefined           ):            0 points ( 0.000%)
Class  1 (Unassigned          ):      922,679 points ( 0.183%)
Class  2 (Ground              ):  257,857,898 points (51.194%)
Class  3 (Vegetation          ):  231,859,625 points (46.032%)
Class  4 (Buildings           ):    9,553,783 points ( 1.897%)
Class  5 (Noise               ):       17,700 points ( 0.004%)
Class  6 (Transmission Wires  ):    1,524,742 points ( 0.303%)
Class  7 (Distribution Wires  ):      551,282 points ( 0.109%)
Class  8 (Poles               ):       93,366 points ( 0.019%)
Class  9 (Transmission Towers ):      227,410 points ( 0.045%)
Class 10 (Fence               ):      526,745 points ( 0.105%)
Class 11 (Vehicles            ):      555,978 points ( 0.110%)
============================================================
Total points: 503,691,208
============================================================

✓ Class statistics saved to: ./configs/eclair_class_counts.yaml

To use Class-Balanced Loss, run:
  python train_baseline.py --loss_name class_balanced ...
✓ Wrote: /csehome/m23csa510/lidar_experiments/code/experiment0/configs/eclair_class_counts.yaml
=======================================
Starting E0 Phase 1 (loss ablation)...
PROJECT_ROOT = /csehome/m23csa510/lidar_experiments
EXPERIMENT0_DIR = /csehome/m23csa510/lidar_experiments/code/experiment0
ECLAIR_DIR = /csehome/m23csa510/lidar_experiments/datasets/eclair
DALES_DIR = /csehome/m23csa510/lidar_experiments/datasets/dales
OUTROOT = /csehome/m23csa510/lidar_experiments/results/E0
=======================================
===================================
PHASE 1: Loss Ablation (v=0.15)
===================================
===================================
PHASE 2: Voxel Ablation
===================================
Run this AFTER identifying best loss from Phase 1
Example: If focal_dice won, run:

for VOXEL in 0.10 0.20; do
  python train_baseline.py \
    --loss_name focal_dice \
    --voxel_size $VOXEL \
    --output_dir /csehome/m23csa510/lidar_experiments/results/E0/e0_best_v${VOXEL} \
    ...
done
===================================
E0 Phase 1 completed.
