Python: /csehome/m23csa510/lidar_experiments/env/miniconda3/envs/e0_env/bin/python
Python 3.10.19
CUDA_HOME: /opt/ohpc/apps/spack/opt/spack/linux-rocky8-icelake/gcc-12.3.0/cuda-11.8.0-4pg4hmhkoocqphty577m2rdjh6zczh5w
LD_LIBRARY_PATH: /opt/ohpc/apps/spack/opt/spack/linux-rocky8-icelake/gcc-12.3.0/cuda-11.8.0-4pg4hmhkoocqphty577m2rdjh6zczh5w/lib64:/opt/ohpc/pub/libs/gnu12/openblas/0.3.21/lib:/opt/ohpc/pub/libs/gnu12/openblas/0.3.21/lib:/opt/ohpc/pub/compiler/gcc/12.3.0/lib64
CWD: /csehome/m23csa510/lidar_experiments/code/experiment0
Starting E0 Phase 1 (loss ablation via scripts/run_e0.sh)...
===================================
PHASE 1: Loss Ablation (v=0.15)
===================================
✓ Overriding voxel_size: 0.15
Running pre-flight config validation...
✓ Overriding voxel_size: 0.15
Running pre-flight config validation...
✓ Overriding voxel_size: 0.15
Running pre-flight config validation...
✓ Overriding voxel_size: 0.15
Running pre-flight config validation...
✓ Overriding voxel_size: 0.15
Running pre-flight config validation...
✓ Overriding voxel_size: 0.15
Running pre-flight config validation...
✓ Overriding voxel_size: 0.15
Running pre-flight config validation...
===================================
PHASE 2: Voxel Ablation
===================================
Run this AFTER identifying best loss from Phase 1
Example: If focal_dice won, run:

for VOXEL in 0.10 0.20; do
  python train_baseline.py \
    --loss_name focal_dice \
    --voxel_size $VOXEL \
    --output_dir /csehome/m23csa510/lidar_experiments/results/E0/e0_best_v${VOXEL} \
    ...
done
===================================
E0 Phase 1 completed.
